[INFO] Scanning for projects...
[INFO] 
[INFO] ---------------------< com.hospitalmanagement:app >---------------------
[INFO] Building app 0.0.1-SNAPSHOT
[INFO]   from pom.xml
[INFO] --------------------------------[ jar ]---------------------------------
[INFO] 
[INFO] --- clean:3.4.1:clean (default-clean) @ app ---
[INFO] Deleting D:\hospital_system\backend\target
[INFO] 
[INFO] --- resources:3.3.1:resources (default-resources) @ app ---
[INFO] Copying 1 resource from src\main\resources to target\classes
[INFO] Copying 0 resource from src\main\resources to target\classes
[INFO] 
[INFO] --- compiler:3.14.1:compile (default-compile) @ app ---
[INFO] Recompiling the module because of changed source code.
[INFO] Compiling 44 source files with javac [debug parameters release 17] to target\classes
[INFO] -------------------------------------------------------------
[ERROR] COMPILATION ERROR : 
[INFO] -------------------------------------------------------------
[ERROR] /D:/hospital_system/backend/src/main/java/com/hospitalmanagement/app/service/impl/AuthServiceImpl.java:[23,19] cannot find symbol
  symbol:   class JwtUtils
  location: class com.hospitalmanagement.app.service.impl.AuthServiceImpl
[ERROR] /D:/hospital_system/backend/src/main/java/com/hospitalmanagement/app/service/impl/AuthServiceImpl.java:[17,1] cannot find symbol
  symbol:   class JwtUtils
  location: class com.hospitalmanagement.app.service.impl.AuthServiceImpl
[INFO] 2 errors 
[INFO] -------------------------------------------------------------
[INFO] ------------------------------------------------------------------------
[INFO] BUILD FAILURE
[INFO] ------------------------------------------------------------------------
[INFO] Total time:  8.294 s
[INFO] Finished at: 2026-03-11T20:07:48+05:30
[INFO] ------------------------------------------------------------------------
[ERROR] Failed to execute goal org.apache.maven.plugins:maven-compiler-plugin:3.14.1:compile (default-compile) on project app: Compilation failure: Compilation failure: 
[ERROR] /D:/hospital_system/backend/src/main/java/com/hospitalmanagement/app/service/impl/AuthServiceImpl.java:[23,19] cannot find symbol
[ERROR]   symbol:   class JwtUtils
[ERROR]   location: class com.hospitalmanagement.app.service.impl.AuthServiceImpl
[ERROR] /D:/hospital_system/backend/src/main/java/com/hospitalmanagement/app/service/impl/AuthServiceImpl.java:[17,1] cannot find symbol
[ERROR]   symbol:   class JwtUtils
[ERROR]   location: class com.hospitalmanagement.app.service.impl.AuthServiceImpl
[ERROR] -> [Help 1]
[ERROR] 
[ERROR] To see the full stack trace of the errors, re-run Maven with the -e switch.
[ERROR] Re-run Maven using the -X switch to enable full debug logging.
[ERROR] 
[ERROR] For more information about the errors and possible solutions, please read the following articles:
[ERROR] [Help 1] http://cwiki.apache.org/confluence/display/MAVEN/MojoFailureException
